[buildroyale.io/index.html]
[backblue.gif]
[fade.gif]
[index.html]
[buildroyale.io/buildart/metal.png]
[buildroyale.io/css/main7944.css]
[buildroyale.io/pwa/apple-touch-icon.png]
[buildroyale.io/pwa/site.webmanifest]
[buildroyale.io/pwa/safari-pinned-tab.svg]
[buildroyale.io/pwa/browserconfig.xml]
[buildroyale.io/buildart/thumbnail.png]
[buildroyale.io/buildart/loader.png]
[buildroyale.io/buildart/solo-out.png]
[buildroyale.io/buildart/duos-out.png]
[buildroyale.io/buildart/squad-out.png]
[buildroyale.io/buildart/explosive-encounters-out.png]
[buildroyale.io/buildart/icon-account.png]
[buildroyale.io/buildart/icon-settings.png]
[buildroyale.io/buildart/icon-locker.png]
[buildroyale.io/buildart/icon-challenges.png]
[buildroyale.io/buildart/icon-leaderboard.png]
[buildroyale.io/buildart/logo1.png]
[buildroyale.io/buildart/logochristmas.png]
[buildroyale.io/buildart/login-out.png]
[buildroyale.io/buildart/account-out.png]
[buildroyale.io/buildart/challenges-out.png]
[buildroyale.io/buildart/locker-out.png]
[buildroyale.io/buildart/signout-out.png]
[buildroyale.io/buildart/leaderboard-out.png]
[buildroyale.io/buildart/settings-out.png]
[buildroyale.io/buildart/discord-out.png]
[buildroyale.io/buildart/instagram-out.png]
[buildroyale.io/buildart/twitter-out.png]
[buildroyale.io/changelog.html]
[buildroyale.io/buildart/changelog.png]
[buildroyale.io/js/msgpack.js]
[buildroyale.io/js/scheme.js]
[buildroyale.io/js/PtjllBD.js]
[webgames.io/js/widget.min8554.js]
[sdk.crazygames.com/crazygames-sdk-v1.js]
[apis.google.com/js/platform.js]
[buildroyale.io/indexf424.html]
[sdki.truepush.com/sdk/v2.0.3/app.js]
[buildroyale.io/index.html]
[buildroyale.io/images/download-ios.png]
[buildroyale.io/images/download-android.png]
[buildroyale.io/buildart/discord-in.png]
[buildroyale.io/buildart/discord-click.png]
[buildroyale.io/buildart/instagram-in.png]
[buildroyale.io/buildart/instagram-click.png]
[buildroyale.io/buildart/twitter-in.png]
[buildroyale.io/buildart/twitter-click.png]
[buildroyale.io/buildart/create-party-in.png]
[buildroyale.io/buildart/create-party-click.png]
[buildroyale.io/buildart/join-party-in.png]
[buildroyale.io/buildart/join-party-click.png]
[buildroyale.io/buildart/login-in.png]
[buildroyale.io/buildart/login-click.png]
[buildroyale.io/buildart/account-in.png]
[buildroyale.io/buildart/account-click.png]
[buildroyale.io/buildart/challenges-in.png]
[buildroyale.io/buildart/challenges-click.png]
[buildroyale.io/buildart/locker-in.png]
[buildroyale.io/buildart/locker-click.png]
[buildroyale.io/buildart/leaderboard-in.png]
[buildroyale.io/buildart/leaderboard-click.png]
[buildroyale.io/buildart/settings-in.png]
[buildroyale.io/buildart/settings-click.png]
[buildroyale.io/buildart/signout-in.png]
[buildroyale.io/buildart/signout-click.png]
[buildroyale.io/buildart/solo-in.png]
[buildroyale.io/buildart/duos-in.png]
[buildroyale.io/buildart/squad-in.png]
[buildroyale.io/buildart/solo-click.png]
[buildroyale.io/buildart/duos-click.png]
[buildroyale.io/buildart/squad-click.png]
[buildroyale.io/buildart/explosive-encounters-in.png]
[buildroyale.io/buildart/explosive-encounters-click.png]
[buildroyale.io/css/main7944.css]
[buildroyale.io/pwa/safari-pinned-tab.svg]
[buildroyale.io/buildart/stack4.png]
[buildroyale.io/thumbnail/0.png]
[buildroyale.io/buildart/grenadelauncher.png]
[buildroyale.io/buildart/mgl.png]
[buildroyale.io/buildart/grenadepistol.png]
[buildroyale.io/changelog.html]
[buildroyale.io/indexf424.html]
